{
  "format_version": "1.8.0",
  "minecraft:client_entity": {
    "description": {
      "animation_controllers": [
        {
          "spawn": "controller.animation.hive.territory.powerup.spawn"
        },
        {
          "idle": "controller.animation.hive.territory.powerup.idle"
        },
        {
          "spin": "controller.animation.hive.territory.powerup.spin"
        }
      ],
      "animations": {
        "despawn": "animation.hive.territory.powerup.despawn",
        "idle": "animation.hive.territory.powerup.golden.destruction.idle",
        "spawn": "animation.hive.territory.powerup.spawn",
        "spin": "animation.hive.territory.powerup.spin",
        "waiting": "animation.hive.territory.powerup.waiting"
      },
      "geometry": {
        "default": "geometry.hive.territory.powerup.golden.destruction"
      },
      "identifier": "hiveterritory:golden_destruction",
      "materials": {
        "default": "entity_alphatest"
      },
      "render_controllers": [
        "controller.render.default"
      ],
      "textures": {
        "default": "textures/entity/hive/territory/powerups/golden/powerup_golden_destruction"
      }
    }
  }
}
