{
  "animations": {
    "animation.hive.territory.powerup.golden.territory.expansion.idle": {
      "animation_length": 1.48,
      "bones": {
        "left": {
          "position": {
            "0.0": [
              0,
              0,
              0
            ],
            "0.08": [
              -0.17,
              0,
              0
            ],
            "0.16": [
              -0.5,
              0,
              0
            ],
            "0.32": [
              -4,
              0,
              0
            ],
            "0.4": [
              -3.775,
              0,
              0
            ],
            "1.48": [
              0,
              0,
              0
            ]
          }
        },
        "right": {
          "position": {
            "0.0": [
              0,
              0,
              0
            ],
            "0.08": [
              0.17,
              0,
              0
            ],
            "0.16": [
              0.5,
              0,
              0
            ],
            "0.32": [
              4,
              0,
              0
            ],
            "0.4": [
              3.775,
              0,
              0
            ],
            "1.48": [
              0,
              0,
              0
            ]
          }
        }
      },
      "loop": true
    }
  },
  "format_version": "1.8.0"
}
